// Jest Snapshot v1, https://goo.gl/fbAQLP

exports[`renders without throwing 1`] = `
<Card
  expandable={false}
  expanded={null}
  initiallyExpanded={false}
  style={
    Object {
      "height": "800px",
    }
  }
>
  <div
    className="placeholder-wrapper"
  >
    <div
      className="placeholder-item"
    >
      <div
        className="animated-background"
      >
        <div
          className="background-masker content-top"
        />
        <div
          className="background-masker content-first-end"
        />
        <div
          className="background-masker content-second-line"
        />
        <div
          className="background-masker content-second-end"
        />
        <div
          className="background-masker content-third-line"
        />
        <div
          className="background-masker content-third-end"
        />
      </div>
    </div>
  </div>
</Card>
`;
