// Jest Snapshot v1, https://goo.gl/fbAQLP

exports[`generates a correct timeline 1`] = `
Array [
  Object {
    "content": "Dump all ingredients into the bowl",
    "id": "3e62254f-dec3-469a-a914-1fa5f28ad7b1",
    "step_number": 1,
    "time": "2017-11-20T08:11:41.868Z",
    "time_gap_to_next": 0,
  },
  Object {
    "content": "Mix everything together",
    "id": "0fae1481-8e36-406d-bdb1-1bd63a1fac39",
    "step_number": 2,
    "time": "2017-11-20T08:11:41.868Z",
    "time_gap_to_next": 5,
  },
  Object {
    "content": "Knead",
    "id": "e7478adf-b000-4b1b-8ee6-9d5608cfc95d",
    "step_number": 3,
    "time": "2017-11-20T08:16:41.868Z",
    "time_gap_to_next": 15,
  },
  Object {
    "content": "Place into a cling wrapped container",
    "id": "1cf51cf8-3fb7-47ea-9d5a-9743dbde5068",
    "step_number": 4,
    "time": "2017-11-20T08:31:41.868Z",
  },
  Object {
    "content": "Proof",
    "id": "86a03291-146a-4935-b8d7-b1afcef11924",
    "step_number": 5,
    "time": "2017-11-20T08:31:41.868Z",
    "time_gap_to_next": 30,
  },
  Object {
    "content": "Fold",
    "id": "980dbd9c-2ec3-4ef1-a477-fc9e361a2c59",
    "step_number": 6,
    "time": "2017-11-20T09:01:41.868Z",
  },
  Object {
    "content": "Proof",
    "id": "45e1857e-b223-434c-ad8d-137eae4e3d32",
    "step_number": 7,
    "time": "2017-11-20T09:01:41.868Z",
    "time_gap_to_next": 30,
  },
  Object {
    "content": "Fold",
    "id": "f107ac75-7f34-4721-b02b-2a4cc19ee4c7",
    "step_number": 8,
    "time": "2017-11-20T09:31:41.868Z",
    "time_gap_to_next": 0,
  },
  Object {
    "content": "Proof",
    "id": "51657483-038f-41d2-ac12-e105c6a99b22",
    "step_number": 9,
    "time": "2017-11-20T09:31:41.868Z",
    "time_gap_to_next": 60,
  },
  Object {
    "content": "Preheat oven and dutch oven",
    "id": "0e301924-217c-44ce-ab84-46495ad63d0b",
    "step_number": 10,
    "time": "2017-11-20T10:31:41.868Z",
  },
  Object {
    "content": "Shape dough",
    "id": "1350120b-79c0-4314-a7cc-08fe9b6fbaab",
    "step_number": 11,
    "time": "2017-11-20T10:31:41.868Z",
  },
  Object {
    "content": "Final proof",
    "id": "05c72cff-a836-4e99-a7a7-5163286333f8",
    "step_number": 12,
    "time": "2017-11-20T10:31:41.868Z",
    "time_gap_to_next": 25,
  },
  Object {
    "content": "Sprinkle a bit of water onto the dough",
    "id": "92c2d615-cab8-42d7-901b-ffebeeb88d4e",
    "time": "2017-11-20T10:56:41.868Z",
  },
  Object {
    "content": "Start baking with lid on",
    "id": "c1c185ab-4859-493f-a292-2464b76cc494",
    "step_number": 13,
    "time": "2017-11-20T10:56:41.868Z",
    "time_gap_to_next": 30,
  },
  Object {
    "content": "Remove lid and continue baking",
    "id": "32a3b48b-4d4f-455a-87b4-b5f36444e595",
    "step_number": 14,
    "time": "2017-11-20T11:26:41.868Z",
    "time_gap_to_next": 10,
  },
  Object {
    "content": "Remove from oven and rest",
    "id": "dfb737bb-5291-4e58-8162-a19cfa6d3aa3",
    "step_number": 15,
    "time": "2017-11-20T11:36:41.868Z",
    "time_gap_to_next": 10,
  },
  Object {
    "content": "EAT ALL THE BREAD",
    "id": "983d591d-f050-4fb1-8a34-63db202f6c72",
    "step_number": 16,
    "time": "2017-11-20T11:46:41.868Z",
  },
]
`;
